TAP version 13
# Subtest: NIP-21 note: decoding, winner, clickable route
ok 1 - NIP-21 note: decoding, winner, clickable route
  ---
  duration_ms: 2.455328
  type: 'test'
  ...
# Subtest: NIP-21 note: depth 1 cannot start another rich reference
ok 2 - NIP-21 note: depth 1 cannot start another rich reference
  ---
  duration_ms: 0.199611
  type: 'test'
  ...
# Subtest: NIP-21 note: retrieval failure is contained and coalesced
ok 3 - NIP-21 note: retrieval failure is contained and coalesced
  ---
  duration_ms: 7.855429
  type: 'test'
  ...
# Subtest: NIP-21 nevent: decoding, winner, clickable route
ok 4 - NIP-21 nevent: decoding, winner, clickable route
  ---
  duration_ms: 0.708798
  type: 'test'
  ...
# Subtest: NIP-21 nevent: depth 1 cannot start another rich reference
ok 5 - NIP-21 nevent: depth 1 cannot start another rich reference
  ---
  duration_ms: 0.130186
  type: 'test'
  ...
# Subtest: NIP-21 nevent: retrieval failure is contained and coalesced
ok 6 - NIP-21 nevent: retrieval failure is contained and coalesced
  ---
  duration_ms: 0.738953
  type: 'test'
  ...
# Subtest: NIP-21 npub: decoding, winner, clickable route
ok 7 - NIP-21 npub: decoding, winner, clickable route
  ---
  duration_ms: 0.321244
  type: 'test'
  ...
# Subtest: NIP-21 npub: depth 1 cannot start another rich reference
ok 8 - NIP-21 npub: depth 1 cannot start another rich reference
  ---
  duration_ms: 0.065589
  type: 'test'
  ...
# Subtest: NIP-21 npub: retrieval failure is contained and coalesced
ok 9 - NIP-21 npub: retrieval failure is contained and coalesced
  ---
  duration_ms: 0.455526
  type: 'test'
  ...
# Subtest: NIP-21 nprofile: decoding, winner, clickable route
ok 10 - NIP-21 nprofile: decoding, winner, clickable route
  ---
  duration_ms: 0.598271
  type: 'test'
  ...
# Subtest: NIP-21 nprofile: depth 1 cannot start another rich reference
ok 11 - NIP-21 nprofile: depth 1 cannot start another rich reference
  ---
  duration_ms: 0.113411
  type: 'test'
  ...
# Subtest: NIP-21 nprofile: retrieval failure is contained and coalesced
ok 12 - NIP-21 nprofile: retrieval failure is contained and coalesced
  ---
  duration_ms: 0.155894
  type: 'test'
  ...
# Subtest: NIP-21 naddr: decoding, winner, clickable route
ok 13 - NIP-21 naddr: decoding, winner, clickable route
  ---
  duration_ms: 0.268013
  type: 'test'
  ...
# Subtest: NIP-21 naddr: depth 1 cannot start another rich reference
ok 14 - NIP-21 naddr: depth 1 cannot start another rich reference
  ---
  duration_ms: 0.057267
  type: 'test'
  ...
# Subtest: NIP-21 naddr: retrieval failure is contained and coalesced
ok 15 - NIP-21 naddr: retrieval failure is contained and coalesced
  ---
  duration_ms: 0.183406
  type: 'test'
  ...
# Subtest: NIP-19 naddr coordinate includes UTF-8 identifier, pubkey, kind and is reversible
ok 16 - NIP-19 naddr coordinate includes UTF-8 identifier, pubkey, kind and is reversible
  ---
  duration_ms: 0.826144
  type: 'test'
  ...
# Subtest: NIP-19 nevent retains optional author/kind/relay hints
ok 17 - NIP-19 nevent retains optional author/kind/relay hints
  ---
  duration_ms: 0.278149
  type: 'test'
  ...
# Subtest: naddr local routes survive parse and reconstruction
ok 18 - naddr local routes survive parse and reconstruction
  ---
  duration_ms: 0.420654
  type: 'test'
  ...
# Subtest: Invalid checksum, secrets, overlong and mixed-case NIP-21 never become embeds
ok 19 - Invalid checksum, secrets, overlong and mixed-case NIP-21 never become embeds
  ---
  duration_ms: 0.339521
  type: 'test'
  ...
# Subtest: First NIP-21 only; all later links preserved by lexer
ok 20 - First NIP-21 only; all later links preserved by lexer
  ---
  duration_ms: 0.207001
  type: 'test'
  ...
# Subtest: Lexer removes sentence punctuation without breaking balanced URL paths or losing offsets
ok 21 - Lexer removes sentence punctuation without breaking balanced URL paths or losing offsets
  ---
  duration_ms: 0.144518
  type: 'test'
  ...
# Subtest: First body candidate wins across Nostr, image, X, YouTube and q
ok 22 - First body candidate wins across Nostr, image, X, YouTube and q
  ---
  duration_ms: 0.815548
  type: 'test'
  ...
# Subtest: Direct image jpg: query safe, HTTPS only, depth and settings limits
ok 23 - Direct image jpg: query safe, HTTPS only, depth and settings limits
  ---
  duration_ms: 0.183146
  type: 'test'
  ...
# Subtest: Direct image JPEG: query safe, HTTPS only, depth and settings limits
ok 24 - Direct image JPEG: query safe, HTTPS only, depth and settings limits
  ---
  duration_ms: 0.147953
  type: 'test'
  ...
# Subtest: Direct image png: query safe, HTTPS only, depth and settings limits
ok 25 - Direct image png: query safe, HTTPS only, depth and settings limits
  ---
  duration_ms: 0.117908
  type: 'test'
  ...
# Subtest: Direct image webp: query safe, HTTPS only, depth and settings limits
ok 26 - Direct image webp: query safe, HTTPS only, depth and settings limits
  ---
  duration_ms: 0.085749
  type: 'test'
  ...
# Subtest: Direct image gif: query safe, HTTPS only, depth and settings limits
ok 27 - Direct image gif: query safe, HTTPS only, depth and settings limits
  ---
  duration_ms: 0.109194
  type: 'test'
  ...
# Subtest: Direct image avif: query safe, HTTPS only, depth and settings limits
ok 28 - Direct image avif: query safe, HTTPS only, depth and settings limits
  ---
  duration_ms: 0.069424
  type: 'test'
  ...
# Subtest: Direct image apng: query safe, HTTPS only, depth and settings limits
ok 29 - Direct image apng: query safe, HTTPS only, depth and settings limits
  ---
  duration_ms: 0.05989
  type: 'test'
  ...
# Subtest: Direct image bmp: query safe, HTTPS only, depth and settings limits
ok 30 - Direct image bmp: query safe, HTTPS only, depth and settings limits
  ---
  duration_ms: 0.056364
  type: 'test'
  ...
# Subtest: NIP-92 m/dim/alt allow extensionless images without arbitrary imeta-only loading
ok 31 - NIP-92 m/dim/alt allow extensionless images without arbitrary imeta-only loading
  ---
  duration_ms: 0.249475
  type: 'test'
  ...
# Subtest: Multiple image links select exactly the first
ok 32 - Multiple image links select exactly the first
  ---
  duration_ms: 0.090156
  type: 'test'
  ...
# Subtest: YouTube youtube: one valid ID, no nested player
ok 33 - YouTube youtube: one valid ID, no nested player
  ---
  duration_ms: 0.170146
  type: 'test'
  ...
# Subtest: YouTube youtubeWatch: one valid ID, no nested player
ok 34 - YouTube youtubeWatch: one valid ID, no nested player
  ---
  duration_ms: 0.760195
  type: 'test'
  ...
# Subtest: YouTube youtubeShorts: one valid ID, no nested player
ok 35 - YouTube youtubeShorts: one valid ID, no nested player
  ---
  duration_ms: 0.111077
  type: 'test'
  ...
# Subtest: YouTube youtubeMultiple: one valid ID, no nested player
ok 36 - YouTube youtubeMultiple: one valid ID, no nested player
  ---
  duration_ms: 0.110366
  type: 'test'
  ...
# Subtest: X x: ordinary links at every depth
ok 37 - X x: ordinary links at every depth
  ---
  duration_ms: 0.108073
  type: 'test'
  ...
# Subtest: X twitter: ordinary links at every depth
ok 38 - X twitter: ordinary links at every depth
  ---
  duration_ms: 0.056355
  type: 'test'
  ...
# Subtest: X xMultiple: ordinary links at every depth
ok 39 - X xMultiple: ordinary links at every depth
  ---
  duration_ms: 0.056154
  type: 'test'
  ...
# Subtest: No arbitrary iframe or unsafe URL: https://youtube.com.evil.example/watch?v=M7lc1UVf-VE
ok 40 - No arbitrary iframe or unsafe URL: https://youtube.com.evil.example/watch?v=M7lc1UVf-VE
  ---
  duration_ms: 0.107442
  type: 'test'
  ...
# Subtest: No arbitrary iframe or unsafe URL: https://youtu.be/a
ok 41 - No arbitrary iframe or unsafe URL: https://youtu.be/a
  ---
  duration_ms: 0.047421
  type: 'test'
  ...
# Subtest: No arbitrary iframe or unsafe URL: https://youtube.com/watch?v=M7lc1UVf-VE.bad
ok 42 - No arbitrary iframe or unsafe URL: https://youtube.com/watch?v=M7lc1UVf-VE.bad
  ---
  duration_ms: 0.051578
  type: 'test'
  ...
# Subtest: No arbitrary iframe or unsafe URL: https://x.com/a/status/1/trailing
ok 43 - No arbitrary iframe or unsafe URL: https://x.com/a/status/1/trailing
  ---
  duration_ms: 0.072289
  type: 'test'
  ...
# Subtest: No arbitrary iframe or unsafe URL: https://x.com.evil.example/a/status/123
ok 44 - No arbitrary iframe or unsafe URL: https://x.com.evil.example/a/status/123
  ---
  duration_ms: 0.044386
  type: 'test'
  ...
# Subtest: No arbitrary iframe or unsafe URL: https://evil.example/video.mp4
ok 45 - No arbitrary iframe or unsafe URL: https://evil.example/video.mp4
  ---
  duration_ms: 0.032719
  type: 'test'
  ...
# Subtest: No arbitrary iframe or unsafe URL: javascript:alert(1)
ok 46 - No arbitrary iframe or unsafe URL: javascript:alert(1)
  ---
  duration_ms: 0.029585
  type: 'test'
  ...
# Subtest: No arbitrary iframe or unsafe URL: data:image/png;base64,xxx
ok 47 - No arbitrary iframe or unsafe URL: data:image/png;base64,xxx
  ---
  duration_ms: 0.027842
  type: 'test'
  ...
# Subtest: No arbitrary iframe or unsafe URL: https://u:p@x.com/a/status/1
ok 48 - No arbitrary iframe or unsafe URL: https://u:p@x.com/a/status/1
  ---
  duration_ms: 0.040762
  type: 'test'
  ...
# Subtest: No arbitrary iframe or unsafe URL: https://x.com:444/a/status/123
ok 49 - No arbitrary iframe or unsafe URL: https://x.com:444/a/status/123
  ---
  duration_ms: 0.034512
  type: 'test'
  ...
# Subtest: No arbitrary iframe or unsafe URL: https://x.com/home
ok 50 - No arbitrary iframe or unsafe URL: https://x.com/home
  ---
  duration_ms: 0.051838
  type: 'test'
  ...
# Subtest: q-only references are quotes and not legacy replies
ok 51 - q-only references are quotes and not legacy replies
  ---
  duration_ms: 0.459322
  type: 'test'
  ...
# Subtest: Reposts have no reply parent and their original consumes the sole slot
ok 52 - Reposts have no reply parent and their original consumes the sole slot
  ---
  duration_ms: 0.413673
  type: 'test'
  ...
# Subtest: Repost repostJSON: verifies and uses JSON without event fetch
ok 53 - Repost repostJSON: verifies and uses JSON without event fetch
  ---
  duration_ms: 18.417442
  type: 'test'
  ...
# Subtest: Repost generic: verifies and uses JSON without event fetch
ok 54 - Repost generic: verifies and uses JSON without event fetch
  ---
  duration_ms: 4.377241
  type: 'test'
  ...
# Subtest: Repost genericNested: verifies and uses JSON without event fetch
ok 55 - Repost genericNested: verifies and uses JSON without event fetch
  ---
  duration_ms: 4.051129
  type: 'test'
  ...
# Subtest: Repost repostEmpty: safely fetches its exact tagged original
ok 56 - Repost repostEmpty: safely fetches its exact tagged original
  ---
  duration_ms: 1.663955
  type: 'test'
  ...
# Subtest: Repost repostMalformed: safely fetches its exact tagged original
ok 57 - Repost repostMalformed: safely fetches its exact tagged original
  ---
  duration_ms: 1.684907
  type: 'test'
  ...
# Subtest: Repost repostForged: safely fetches its exact tagged original
ok 58 - Repost repostForged: safely fetches its exact tagged original
  ---
  duration_ms: 1.711016
  type: 'test'
  ...
# Subtest: Repost genericEmpty: safely fetches its exact tagged original
ok 59 - Repost genericEmpty: safely fetches its exact tagged original
  ---
  duration_ms: 0.169085
  type: 'test'
  ...
# Subtest: Forged embedded JSON is not trusted even when wrapper was signed
ok 60 - Forged embedded JSON is not trusted even when wrapper was signed
  ---
  duration_ms: 1.797646
  type: 'test'
  ...
# Subtest: Repost missing and network-failure cases resolve to null, never reject
ok 61 - Repost missing and network-failure cases resolve to null, never reject
  ---
  duration_ms: 2.793897
  type: 'test'
  ...
# Subtest: NIP-18 inner event ID/kind constraints reject mismatching content
ok 62 - NIP-18 inner event ID/kind constraints reject mismatching content
  ---
  duration_ms: 1.599218
  type: 'test'
  ...
# Subtest: Self-repost returns null without recursive resolution
ok 63 - Self-repost returns null without recursive resolution
  ---
  duration_ms: 0.229616
  type: 'test'
  ...
# Subtest: NIP-21 duplicates and note/nevent aliases share a single fetch
ok 64 - NIP-21 duplicates and note/nevent aliases share a single fetch
  ---
  duration_ms: 1.723605
  type: 'test'
  ...
# Subtest: nevent constraints are applied per caller even after a shared ID fetch
ok 65 - nevent constraints are applied per caller even after a shared ID fetch
  ---
  duration_ms: 1.442873
  type: 'test'
  ...
# Subtest: Current-view events are reused, never fetched twice from relay
ok 66 - Current-view events are reused, never fetched twice from relay
  ---
  duration_ms: 0.145248
  type: 'test'
  ...
# Subtest: View changes invalidate settled and late results; relay hints do not add connections
ok 67 - View changes invalidate settled and late results; relay hints do not add connections
  ---
  duration_ms: 5.75766
  type: 'test'
  ...
# Subtest: Single-flight memo is bounded and explicit read reset allows retry
ok 68 - Single-flight memo is bounded and explicit read reset allows retry
  ---
  duration_ms: 576.655348
  type: 'test'
  ...
# Subtest: Address fetch sends exact kind/author/d filter and selects newest matching version
ok 69 - Address fetch sends exact kind/author/d filter and selects newest matching version
  ---
  duration_ms: 61.451543
  type: 'test'
  ...
# Subtest: Global, home and notifications include repost kinds in actual feed filters
ok 70 - Global, home and notifications include repost kinds in actual feed filters
  ---
  duration_ms: 0.252711
  type: 'test'
  ...
1..70
# tests 70
# suites 0
# pass 70
# fail 0
# cancelled 0
# skipped 0
# todo 0
# duration_ms 783.711459
