TAP version 13
# Subtest: npub and note roundtrip with checksum / uppercase validation
ok 1 - npub and note roundtrip with checksum / uppercase validation
  ---
  duration_ms: 5.531674
  type: 'test'
  ...
# Subtest: Hash / legacy routing supports a single project subpath
ok 2 - Hash / legacy routing supports a single project subpath
  ---
  duration_ms: 0.671161
  type: 'test'
  ...
# Subtest: Safe URLs reject insecure remote WebSocket and credentials
ok 3 - Safe URLs reject insecure remote WebSocket and credentials
  ---
  duration_ms: 0.304999
  type: 'test'
  ...
# Subtest: NIP-10 direct and nested reply tags preserve root but exclude self
ok 4 - NIP-10 direct and nested reply tags preserve root but exclude self
  ---
  duration_ms: 0.403218
  type: 'test'
  ...
# Subtest: Settings validation, old-schema compatibility, and regular expression errors
ok 5 - Settings validation, old-schema compatibility, and regular expression errors
  ---
  duration_ms: 0.680315
  type: 'test'
  ...
# Subtest: Persisted public key restores without asking extension again; logout stays out
ok 6 - Persisted public key restores without asking extension again; logout stays out
  ---
  duration_ms: 0.667906
  type: 'test'
  ...
# Subtest: Restored session refuses signing with another extension account
ok 7 - Restored session refuses signing with another extension account
  ---
  duration_ms: 0.835679
  type: 'test'
  ...
# Subtest: Signature cancellation is not retried automatically
ok 8 - Signature cancellation is not retried automatically
  ---
  duration_ms: 0.476318
  type: 'test'
  ...
# Subtest: Storage expiry does not turn errors into positive cache hits
ok 9 - Storage expiry does not turn errors into positive cache hits
  ---
  duration_ms: 7.391416
  type: 'test'
  ...
# Subtest: Profile lookups batch per-author filters and reuse persistent metadata
ok 10 - Profile lookups batch per-author filters and reuse persistent metadata
  ---
  duration_ms: 90.910036
  type: 'test'
  ...
# Subtest: Missing profiles are negatively cached only after a completed fetch
ok 11 - Missing profiles are negatively cached only after a completed fetch
  ---
  duration_ms: 243.174768
  type: 'test'
  ...
# Subtest: Old replaceable events cannot overwrite newest cached profile
ok 12 - Old replaceable events cannot overwrite newest cached profile
  ---
  duration_ms: 0.624771
  type: 'test'
  ...
# Subtest: Read-modify-write refuses incomplete latest list reads
ok 13 - Read-modify-write refuses incomplete latest list reads
  ---
  duration_ms: 80.659403
  type: 'test'
  ...
# Subtest: Inclusive timestamp cursor retrieves many same-second events without gaps
ok 14 - Inclusive timestamp cursor retrieves many same-second events without gaps
  ---
  duration_ms: 1.390665
  type: 'test'
  ...
# Subtest: Partial relay failure does not advance cursor or mark end-of-history
ok 15 - Partial relay failure does not advance cursor or mark end-of-history
  ---
  duration_ms: 0.175975
  type: 'test'
  ...
# Subtest: Full delta restart allows bridging a gap instead of skipping it
ok 16 - Full delta restart allows bridging a gap instead of skipping it
  ---
  duration_ms: 0.473323
  type: 'test'
  ...
# Subtest: NIP-05 validates identifier, pubkey equality, and cross-user cached identity
ok 17 - NIP-05 validates identifier, pubkey equality, and cross-user cached identity
  ---
  duration_ms: 19.236342
  type: 'test'
  ...
# Subtest: NIP-05 singleflight and semaphore never exceed two concurrent requests
ok 18 - NIP-05 singleflight and semaphore never exceed two concurrent requests
  ---
  duration_ms: 51.889038
  type: 'test'
  ...
# Subtest: NIP-05 CORS / HTTP failure remains unknown, with bounded negative cache
ok 19 - NIP-05 CORS / HTTP failure remains unknown, with bounded negative cache
  ---
  duration_ms: 0.759645
  type: 'test'
  ...
# Subtest: BIP-340 official verification vector 0
ok 20 - BIP-340 official verification vector 0
  ---
  duration_ms: 18.016334
  type: 'test'
  ...
# Subtest: BIP-340 official verification vector 1
ok 21 - BIP-340 official verification vector 1
  ---
  duration_ms: 7.607411
  type: 'test'
  ...
# Subtest: BIP-340 official verification vector 2
ok 22 - BIP-340 official verification vector 2
  ---
  duration_ms: 6.163877
  type: 'test'
  ...
# Subtest: BIP-340 official verification vector 3
ok 23 - BIP-340 official verification vector 3
  ---
  duration_ms: 4.087178
  type: 'test'
  ...
# Subtest: BIP-340 official verification vector 4
ok 24 - BIP-340 official verification vector 4
  ---
  duration_ms: 3.819274
  type: 'test'
  ...
# Subtest: BIP-340 official verification vector 5
ok 25 - BIP-340 official verification vector 5
  ---
  duration_ms: 0.274533
  type: 'test'
  ...
# Subtest: BIP-340 official verification vector 6
ok 26 - BIP-340 official verification vector 6
  ---
  duration_ms: 3.989291
  type: 'test'
  ...
# Subtest: BIP-340 official verification vector 7
ok 27 - BIP-340 official verification vector 7
  ---
  duration_ms: 3.788808
  type: 'test'
  ...
# Subtest: BIP-340 official verification vector 8
ok 28 - BIP-340 official verification vector 8
  ---
  duration_ms: 3.820496
  type: 'test'
  ...
# Subtest: BIP-340 official verification vector 9
ok 29 - BIP-340 official verification vector 9
  ---
  duration_ms: 4.3741
  type: 'test'
  ...
# Subtest: BIP-340 official verification vector 10
ok 30 - BIP-340 official verification vector 10
  ---
  duration_ms: 3.462877
  type: 'test'
  ...
# Subtest: BIP-340 official verification vector 11
ok 31 - BIP-340 official verification vector 11
  ---
  duration_ms: 3.530709
  type: 'test'
  ...
# Subtest: BIP-340 official verification vector 12
ok 32 - BIP-340 official verification vector 12
  ---
  duration_ms: 0.102414
  type: 'test'
  ...
# Subtest: BIP-340 official verification vector 13
ok 33 - BIP-340 official verification vector 13
  ---
  duration_ms: 0.048854
  type: 'test'
  ...
# Subtest: BIP-340 official verification vector 14
ok 34 - BIP-340 official verification vector 14
  ---
  duration_ms: 0.043946
  type: 'test'
  ...
# Subtest: BIP-340 official verification vector 15
ok 35 - BIP-340 official verification vector 15
  ---
  duration_ms: 3.94941
  type: 'test'
  ...
# Subtest: BIP-340 official verification vector 16
ok 36 - BIP-340 official verification vector 16
  ---
  duration_ms: 4.040647
  type: 'test'
  ...
# Subtest: BIP-340 official verification vector 17
ok 37 - BIP-340 official verification vector 17
  ---
  duration_ms: 3.278609
  type: 'test'
  ...
# Subtest: BIP-340 official verification vector 18
ok 38 - BIP-340 official verification vector 18
  ---
  duration_ms: 3.122043
  type: 'test'
  ...
# Subtest: Independent OpenSSL/Python fixture: all signed Nostr kinds verify
ok 39 - Independent OpenSSL/Python fixture: all signed Nostr kinds verify
  ---
  duration_ms: 228.250883
  type: 'test'
  ...
# Subtest: Reject modified content, id, signature, author, tags and timestamp
ok 40 - Reject modified content, id, signature, author, tags and timestamp
  ---
  duration_ms: 2.561299
  type: 'test'
  ...
# Subtest: Strict event format rejects invalid scalar types and large bodies
ok 41 - Strict event format rejects invalid scalar types and large bodies
  ---
  duration_ms: 1.341531
  type: 'test'
  ...
# Subtest: Malformed signatures and non-curve public keys never throw
ok 42 - Malformed signatures and non-curve public keys never throw
  ---
  duration_ms: 0.346753
  type: 'test'
  ...
# Subtest: One relay connection, finite REQ/CLOSE per page and verified deduplication
ok 43 - One relay connection, finite REQ/CLOSE per page and verified deduplication
  ---
  duration_ms: 25.527956
  type: 'test'
  ...
# Subtest: Bad event IDs and signatures are discarded before UI/cache
ok 44 - Bad event IDs and signatures are discarded before UI/cache
  ---
  duration_ms: 8.309329
  type: 'test'
  ...
# Subtest: Rate limit creates durable cooldown without reconnects or blind retry
ok 45 - Rate limit creates durable cooldown without reconnects or blind retry
  ---
  duration_ms: 5.247687
  type: 'test'
  ...
# Subtest: Timeout always sends CLOSE and is not a successful empty result
ok 46 - Timeout always sends CLOSE and is not a successful empty result
  ---
  duration_ms: 43.794877
  type: 'test'
  ...
# Subtest: Identical in-flight and completed queries are reused across consumers
ok 47 - Identical in-flight and completed queries are reused across consumers
  ---
  duration_ms: 12.322339
  type: 'test'
  ...
# Subtest: Fast EOSE does not truncate slower relay completion
ok 48 - Fast EOSE does not truncate slower relay completion
  ---
  duration_ms: 36.251651
  type: 'test'
  ...
# Subtest: Successful publication ACK is reused without a second EVENT
ok 49 - Successful publication ACK is reused without a second EVENT
  ---
  duration_ms: 11.230029
  type: 'test'
  ...
# Subtest: Relay rejected publish remains failure, does not report saved
ok 50 - Relay rejected publish remains failure, does not report saved
  ---
  duration_ms: 8.934681
  type: 'test'
  ...
# Subtest: Backoff is exponential, rate limits longer than generic errors
ok 51 - Backoff is exponential, rate limits longer than generic errors
  ---
  duration_ms: 0.229436
  type: 'test'
  ...
# Subtest: Filter limits and unsafe relay addresses are rejected without connection
ok 52 - Filter limits and unsafe relay addresses are rejected without connection
  ---
  duration_ms: 2.240756
  type: 'test'
  ...
1..52
# tests 52
# suites 0
# pass 52
# fail 0
# cancelled 0
# skipped 0
# todo 0
# duration_ms 582.211949
